../Core/Src/menu.c:21:6:menu_init	40	static
../Core/Src/menu.c:39:6:menu_procesarEvento	32	static
../Core/Src/menu.c:181:13:mostrar_menu	224	static
../Core/Src/menu.c:189:13:medir_R	112	static
../Core/Src/menu.c:223:13:medir_C	96	static
../Core/Src/menu.c:243:13:setHighZ	24	static
../Core/Src/menu.c:260:13:enableRange	32	static
../Core/Src/menu.c:275:10:AutoRango	16	static
../Core/Src/menu.c:295:17:readADC	8	static
../Core/Src/menu.c:302:17:Descarga	32	static
../Core/Src/menu.c:320:17:Carga	40	static
